import type { FluentResource, FluentBundle, FluentVariable } from "@fluent/bundle";
export declare const resource: FluentResource;
export declare function formatMessage(bundle: FluentBundle, id: "dialog", error?: null | Error[]): string;
export declare function formatMessage(bundle: FluentBundle, id: "dialog.description", error?: null | Error[]): string;
export declare function formatMessage(bundle: FluentBundle, id: "dialog.confirm-text", args: {
    readonly "product-name": FluentVariable;
}, error?: null | Error[]): string;
w