import type { FluentResource, FluentBundle, FluentVariable } from "@fluent/bundle";
export declare const resource: FluentResource;
export declare function formatMessage(bundle: FluentBundle, id: "greet", args: {
    readonly "name": FluentVariable;
}, error?: null | Error[]): string;
export declare function formatMessage(bundle: FluentBundle, id: "product-name", error?: null | Error[]): string;
